node.exe : npm error Missing script: "test"
At line:1 char:1
+ & "C:\Program Files\nodejs/node.exe" 
"C:\Program Files\nodejs/node_mo ...
+ ~~~~~~~~~~~~~~~~~~~~~~~~~~~~~~~~~~~~~~~~~
~~~~~~~~~~~~~~~~~~~~~~~~~~~~
    + CategoryInfo          : NotSpecified 
   : (npm error Missing script: "test":St  
  ring) [], RemoteException
    + FullyQualifiedErrorId : NativeComman 
   dError
 
npm error
npm error To see a list of scripts, run:
npm error   npm run
npm error A complete log of this run can 
be found in: C:\Users\Sizwe N Finishing\App
Data\Local\npm-cache\_logs\2025-11-25T18_26
_22_638Z-debug-0.log
